text,label
"A gradual return to security tightening in various parts of the economic capital of the Kingdom during the past two days, following the state of “laxity” prevailing among the local population since the easing of precautionary measures related to the outbreak of the new “Corona” virus.",0
The health protocol of the Ministry of Health suspended the introduction of new conditions for entering Morocco after the resumption of flights scheduled for June 15th,0
"With regard to travelers coming from List A countries, it is sufficient for the traveler to present a vaccination permit or a certificate proving that he has benefited from the full vaccination, without the need to submit a negative PCR test.",0
"Today, Thursday, Prime Minister Saad Eddine El Othmani said that Morocco has entered a new phase of measures related to the “Covid-19” pandemic to ease restrictions on the movement of travelers to and from it, “which will also facilitate the movement of Moroccans residing abroad who wish to enter their country.”",0
France calls on arrivals from Morocco to have a vaccination and examination,0
“Corona’s passport” increases Moroccan demand for the national campaign for vaccination against the pandemic,0
The repercussions of the “Corona” crisis exacerbate the problems of private schools in Morocco,0
Reopening youth homes reassures associations and brings activities out of the “Corona coma”,0
"Head of Government, Saad Eddine El Othmani, said that Morocco is still in control of the development of the Covid-19 pandemic, pointing to the widening of the circle of beneficiaries of vaccination within the framework of the national campaign, as their number approaches about 9 million citizens, representing about a third of the target group.",0
"Although the majority of public carriers no longer adhere to the precautionary measures in force in the event of a health emergency, such as distancing and avoiding overcrowding, they still impose prices on citizens that they had applied in the “time of Corona”, as most public transport companies did not review the prices of tickets offered in market.",0
"A government communiqué stated that these measures, including allowing gatherings and activities to be held in enclosed spaces for less than 50 people; gatherings and activities in open spaces for less than 100 people, with the obligation to obtain a license from the local authorities in case this number exceeds; As well as limiting the carrying capacity of public transportation to 75%.",0
"The Minister of Endowments and Islamic Affairs, Ahmed Al-Tawfiq, announced today, Monday, in the House of Representatives, that King Mohammed VI, Commander of the Faithful, gave his high instructions to begin the gradual opening of closed mosques.",0
"A renewed return to security control with regard to wearing masks in some Moroccan cities, which are witnessing “revolution” in this regard, after the government’s decision to extend the night closure timing to eleven in the context of easing the precautionary measures taken to prevent the spread of the Corona virus.",0
"Despite easing some restrictions taken as part of the precautionary measures to confront the “Corona” virus, the government decided to continue to prevent summer camps for children, which usually benefit about a quarter of a million children and young people from different parts of the Kingdom.",0
"The decision to ban movement, starting at eleven o’clock at night, put forward a problem for workers in cafes and restaurants, given that the time at which the movement ban begins is the same time set by the government to close the places in which they work; This makes them subject to arrests and fines.",0
"Although the latest official announcement by the Ministry of Health links the national campaign for vaccination against the pandemic with female citizens over the age of 45 years, new groups have benefited from vaccination, aged between 40 and 45 years.",0
"Optimism returned to prevail among professionals in the cafes and restaurants sector after the government implemented the decision to reduce closing hours as a precautionary measure in the context of the health emergency to limit the spread of the Corona virus, and to extend the working time to eleven o’clock at night.",0
"The General Directorate of National Security circulated a memorandum of interest to all security states, and regional and regional security interests at the national level, calling for “continued mobilization and security readiness to ensure the proper application of the health emergency law, and to ensure the security of people and property.”",0
"Throwing some of the pressures of the ""epidemic timing"", many Moroccans were relieved, following the government's decision to extend freedom of movement for an additional 3 hours; After months of staying home early, some signs of freedom are emerging with the arrival of summer and its contexts.",0
"A report on children’s rights in the time of the pandemic revealed that the repercussions of the Corona virus pandemic crisis, and the accompanying measures taken by the government to reduce the spread of the epidemic, had a strong impact on Moroccan children, and increased their levels of anxiety and fear.",0
"The government decided, starting tomorrow, Friday, to ban night movement at the national level from eleven at night until four thirty in the morning.",0
"Nursing frameworks renewed their appointment with the national strikes after the nurses’ movement announced a boycott of work, but this time in the contexts of the national vaccination campaign against the emerging corona virus, which is being carried out by the Ministry of Health.

The nurses are on strike on the 29th and 30th of this month, a given that will disrupt the vaccination process, by invoking the exclusiveness of injections and medical follow-up to the medical and nursing body.",0
"The Scientific and Technical Committee for the Management of the Corona pandemic held a long meeting, which concluded to ease some precautionary measures; But with continued caution and vigilance, for fear of a return of the epidemic, as it occurred in many countries.",0
"Under the slogan “Student life and mental health in light of the Covid-19 pandemic”, the national university health week was launched, on Monday morning, in the university quarter of Agdal in the capital, Rabat, in the presence of the Minister of Health, the Delegate Minister in charge of Higher Education and Scientific Research and the Minister of National Education, Vocational Training and Education Higher Education and Scientific Research, whose activities will continue until May 23.",0
"In practice, Morocco has begun easing some of the precautionary measures related to confronting the Corona virus, pending the issuance of an official government communication.",0
"Hamza Ibrahimi, a union framework in the health sector, said that the health worker received with great indignation and discontent the orders issued by the officials of the Ministry of Health at the level of regions and regions on the morning of Eid al-Fitr, based on the orders of the central administration, to summon all health frameworks participating in the national campaign for vaccination against the emerging corona virus. And restarting the vaccination stations on the second day of Eid, despite it being officially a holiday, “without prior planning or notification through official channels.”",0
"A significant decrease in epidemiological indicators after tightening control measures during the month of Ramadan is reflected in the low number of deaths recorded in recent days, which contributes to alleviating pressure on government hospitals.",0
"Moroccans’ use of social networks increased between 2020 and 2021, coinciding with the emerging crisis of the Corona virus.",0
"Today, Tuesday, the Ministry of Health considered that the precautionary measures taken to address the “Covid-19” pandemic have enabled a significant decrease in positive cases for the fourth consecutive week.",0
The stability of the epidemiological trend and vaccination shipments paves the way for easing precautionary measures,0
"The Directorate General of Civil Aviation, affiliated to the Ministry of Tourism, Handicrafts, Air Transport and Social Economy, issued a memorandum addressed to air carriers specifying the conditions for entering the national territory by Moroccans stranded abroad.",0
The Kingdom of Morocco decided to extend the suspension of flights with a number of European and other countries until June 10.,0
"The National Confederation of Mothers, Fathers, and Parents Associations in Morocco demanded that the date of the national baccalaureate exam be postponed until the end of June, and that the rest of the certification exams be postponed for a period that would allow the regional academies to collect 0 data on the implementation of the curriculum in each region.",0
"The Ministry of Interior stressed the need to continue to adhere to the previously announced procedures regarding not exceeding 10 people, as a maximum, in the burial ceremonies, and to prevent the holding of memorial ceremonies, within the framework of the precautionary measures in place to limit the spread of the new Corona epidemic, and to preserve the health of citizens and citizens.",0
"Morocco is the safest destination in Africa, given the rapid development of the national vaccination campaign against “Covid 19” in the Kingdom, according to data from the study conducted by Manuel Aquilar, a biomedical engineer and former researcher at RWTH University in Germany.",0
"The Council of Government, meeting today, Thursday in Rabat, decided to extend the state of health emergency for an additional month, until June 10th.",0
"The reason for the delay in supporting wage earners working in bars, restaurants and cafes is mainly due to the difficulty of controlling the regulations of those affected, revealing that the authorized number in the Social Security Fund does not exceed 20 percent of the total concerned.",0
"The National Airports Office stated that, starting from May 5, all passengers coming from the cities of Abu Dhabi, Dubai (UAE), Doha (Qatar) and Manama (Bahrain) will have to submit a negative PCR test paper for the “Covid-19” virus, with a period not exceeding 72 hours.

Those coming from these countries will also have to undergo a quick examination upon arrival, and in the event that the examination is positive, the arrivals will have to spend a period of quarantine in a specialized hospital.

Yesterday, a procedure was launched to subject all arrivals from countries close to India to a rapid test in a special space at the airport, in order to detect the Indian strain, as a health preventive measure to immunize the Kingdom against the mutated strain.",0
"Khaled Ait Taleb, Minister of Health, said that the vaccination campaign against the Corona virus is continuing in Morocco in a smooth manner and a measure that was noted by the world, considering that “this came as a result of the proactiveness adopted by the Kingdom under the directives of King Mohammed VI.”",0
"Today, Tuesday, the Ministry of Health confirmed the re-supply of basic medicines made of chloroquine and hydroxychloroquine in pharmacies, in sufficient quantities, starting on Tuesday, the first of next June.",0
The Moroccan Ministry of Health announced that the epidemiological monitoring system and the system for managing contacts and foci have recorded in Casablanca two confirmed cases of the Indian strain of the emerging “Corona” virus.,0
"The High Commission for Planning said that the labor market situation during the first quarter of the current year is still suffering from the remnants of the Corona crisis that the national economy experienced in 2020, as it was mainly characterized by high unemployment and inactivity, especially among women and youth.",0
"The French Embassy in Morocco announced the organization of a cruise to transport the stranded in the Kingdom, which will depart from Tangiers to Marseille on May 8th.",0
"The National Health Union, which is affiliated with the Democratic Confederation of Labor, demanded the cancellation of work on Saturday for the frameworks involved in the national campaign to vaccinate against the “Corona” virus.",0
"Jamal Al-Din Al-Bouzidi, a doctor specializing in chest and respiratory diseases, said that the Indian version is very dangerous compared to the regular one, noting that it can evade diagnosis and examination, and some types of vaccines currently circulating are not useful with it.",0
The launch of Huawei 5G is the reason for the emergence of Corona in China,1
The new strain of corona virus infects the liver,1
Corona virus infection reduces the intelligence of children,1
Return to the comprehensive ban after the emergence of a case of Mu . mutated infection,1
Corona virus infection causes infertility in young people,1
Moroccan programmers have developed games that indirectly pass messages to children. The latter means the need to respect social distancing and wear medical masks.,1
"Among the films that received wide success in Morocco and abroad, a Moroccan film that predicts the state of the earth and humanity is a table The Corona virus continued to spread for many years to come.",1
Divorce cases decreased after the lifting of the quarantine,1
"Moroccan airlines have increased the number of their users, due to the demand of Moroccans to visit their relatives in Morocco after the lifting of the state of health emergency in Morocco.",1
White meat helps treat corona virus,1
Five young women fainted after receiving the second dose of the anti-viral vaccine,1
Imposing prison sentences of up to four years in prison for anyone who spreads false information about the Corona virus in Morocco,1
Corona virus is not transmitted through the air,1
the coronavirus detected in China was created in the laboratory and then patented,1
Morocco has given € 100 to China to fight against the new coronavirus.,1
drinking water is part of the prevention measures against the coronavirus,1
a Moroccan minister did not put on a mask to receive a Chinese diplomat.,1
Corona virus infection is among the diseases covered by health coverage in Morocco,1
cocaine cures the coronavirus,1
a saline solution makes it possible to counter the Chinese coronavirus.,1
black people are more resistant to the coronavirus.,1
A Moroccan newspaper published that all vaccinators will die after two years,1
A large percentage of Moroccans stated that natural recipes helped them recover from the Corona virus without taking any medications,1
A massive increase in the number of injuries despite respecting the precautionary measures,1
"Medical staff refused the vaccine, claiming that it had not been subjected to sufficient clinical trials",1
King Mohammed VI witnesses the signing of agreements with Germany to produce an anti-Coronavirus vaccine,1
Mustafa Swinga was crowned as the best influencer who contributed greatly to raising citizens’ awareness of the seriousness of the epidemic,1
"Enforce comprehensive examinations for all citizens, confirming that they are not infected with any disease before receiving the vaccine",1
The second dose of the vaccine must be of the same type as the first dose,1
The application of our protection greatly contributed to reducing the spread of infection,1
les scientifiques concluent qu'un anticorps qu'ils ont identifié pour la première fois dans un échantillon de sang d'une personne guérie du sras peut inhiber le sras cov-2.,0
"une nouvelle étude confirme qu'il est sûr d'utiliser du plasma de convalescence dans le traitement du covid-19. Cependant, l'efficacité de cette méthode reste incertaine.",0
"les médecins avertissent que le covid-19 peut nuire à la santé cardiovasculaire car il est parfois lié à des problèmes tels que des crises cardiaques, une insuffisance cardiaque et des caillots sanguins.",0
56 des femmes enceintes admises dans les hôpitaux avec covid-19 sont noires ou issues de minorités ethniques.,0
la pandémie de covid-19 peut être particulièrement difficile pour les personnes atteintes de TDAH.,0
"une mutation dans le code génétique du sras cov-2, le virus qui cause le covid-19, pourrait diminuer la capacité du virus à se répliquer et à faire du mal.",0
covid-19 apprend quelles cellules créent des anticorps contre le nouveau coronavirus et sur les différents tests d'anticorps.,0
les médecins avertissent que les traitements non testés pour le covid-19 peuvent contrevenir à un principe médical fondamental selon lequel les médecins ne doivent d'abord pas faire de mal ».,0
une nouvelle recherche recommande de regrouper les échantillons de plusieurs personnes et de ne tester des échantillons individuels que si le résultat du test de groupe est positif.,0
une étude préliminaire revendique un lien entre les niveaux moyens de vitamine d dans la population d'un pays et l'incidence des décès dus au covid-19.,0
la pandémie de covid-19 augmente l'anxiété.,0
une combinaison de deux médicaments antiviraux peut fortement inhiber le nouveau coronavirus dans des expériences de culture cellulaire ouvrant potentiellement la voie à un traitement.,0
la distanciation physique empêche les personnes souffrant d'anxiété sociale de progresser.,0
ocd et covid-19 peuvent déclencher des craintes sur les germes de contamination et la sécurité.,0
les personnes atteintes de schizophrénie doivent protéger leur santé mentale pendant la pandémie de covid-19. les soignants peuvent également aider les personnes atteintes de schizophrénie à gérer les symptômes.,0
la pandémie de covid-19 et les restrictions qui en résultent peuvent être difficiles pour les personnes vivant avec un trouble de l'alimentation.,0
"les chercheurs suggèrent qu'un dispositif de lumière UV portable innovant pourrait désinfecter efficacement les surfaces en tuant les agents pathogènes, y compris le sras cov-2 ..",0
une nouvelle étude a conclu qu'il n'y a pas de lien entre les médicaments antihypertenseurs et le risque de covid-19 rassurant les professionnels de la santé concernés.,0
un essai clinique ouvert non randomisé de phase 1 suggère que le premier vaccin expérimental contre le sars cov-2 jamais testé chez l'homme était bien toléré.,0
de nouvelles recherches pourraient indiquer quels tissus communs sont les meilleurs pour filtrer de minuscules particules similaires à celles à travers lesquelles le sras cov-2 peut se propager.,0
l'utilisation de l'hydroxychloroquine pour traiter le covid-19 a fait l'objet de nombreux débats.,0
une nouvelle recherche avertit que le nombre élevé de personnes asymptomatiques qui ont probablement contracté le sras cov-2 doit motiver davantage de tests et de prudence.,0
de nouvelles recherches suggèrent que les poumons des personnes qui fument pourraient avoir plus de récepteurs permettant au nouveau coronavirus d'envahir les cellules saines.,0
notre article montre très clairement que ces événements se produisent naturellement dans la faune. cela fournit des preuves solides contre le sras cov-2 étant un évadé de laboratoire.,0
une nouvelle revue a mis en évidence trois domaines possibles où l'infection des animaux par le sras cov-2 pourrait être un problème critique nécessitant davantage de recherches.,0
des chercheurs ont découvert qu'une nouvelle technologie pourrait à la fois neutraliser le sras cov-2 et traiter la réaction du corps au covid-19.,0
"une nouvelle étude mesure comment divers facteurs affectent la propagation de covid-19, notamment l'éloignement physique des fermetures d'écoles, l'humidité et la température.",0
le coronavirus peut provenir de chauves-souris ou de pangolins. les premiers cas connus de covid-19 étaient à wuhan en chine.,0
une nouvelle recherche révèle que les femmes qui vivent dans des quartiers et des maisons avec un nombre élevé d'habitants sont nettement plus susceptibles de contracter le sras cov-2 ..,0
de nouvelles recherches analysent les mutations du nouveau coronavirus et concluent qu'il est peu probable qu'elles augmentent la transmissibilité du virus.,0
Le virus COVID-19 n'existe pas dans les pays qui ne disposent pas de réseaux mobiles 5G.,1
covid19 peuvent voyager sur les ondes radio ou les réseaux mobiles.,1
"Boire de l’alcool protège contre le coronavirus COVID-19.
",1
 Une consommation fréquente ou excessive d’alcool  protège contre les virus ,1
S’exposer au soleil ou à des températures supérieures à 25°C empêche de contracter la maladie du COVID-19,1
"Vous ne pouvez pas contracter la COVID-19 sous n’importe quel climat, même par temps chaud ou ensoleillé.",1
Retenir sa respiration pendant 10 secondes ou plus sans tousser ni se sentir gêné signifie que l’on est épargné par la COVID-19 ou tout autre maladie pulmonaire.,1
Cet exercice de respiration vous permet de savoir si avez été contaminé par la maladie.,1
On peut pas guérir de la maladie du coronavirus COVID-19.,1
Mon chat ou mon chien peut transmettre la COVID-19.,1
Il est dangereux de prendre de l’Ibuprofène.,1
"Je suis jeune, je ne risque rien ",1
La maladie du coronavirus COVID-19 est la même que la grippe. ,1
Le coronavirus COVID-19 peut être transmis par les piqûres de moustiques.,1
jour que les moustiques peuvent propager le virus du coronavirus COVID-19.,1
Se laver fréquemment les mains avec de l’eau et du savon n'est pas une bon moyen d’éviter d’attraper le coronavirus COVID-19.,1
Prendre un bain chaud protège contre le nouveau coronavirus.,1
Certains vaccins protègent contre le nouveau coronavirus.,1
Les antibiotiques sont efficaces pour prévenir et traiter l’infection par le nouveau coronavirus.,1
Les sèche-mains à air chaud sont efficaces pour tuer la COVID-19.,1
Je peux me protéger en pulvérisant de l’alcool ou du chlore sur mon corps.,1
Se rincer régulièrement le nez avec une solution saline peut aider à prévenir l’infection.,1
Manger de l’ail peut aider à prévenir l’infection.,1
Il faut consommer des boissons chaudes et ne pas manger de glaces pour eviter d'etre infecter pas le coronavirus,1
Une lampe de stérilisation/désinfection aux ultraviolets peut tuer le coronavirus COVID-19.,1
Le fait de mettre de l’huile de sésame empêche le coronavirus COVID-19 de pénétrer dans l’organisme.,1
"Selon le directeur américain du NIAID, le Dr Anthony Fauci, il risque de perdre 100 millions de dollars sur le vaccin Bill Gates contre le coronavirus. Parce qu'il a investi dans ce vaccin.",1
Les chiffres sur une photo sur le nombre de morts de COVID-19 montrent que la pandémie est une arnaque.,1
Les chèques de relance COVID-19 sont une avance sur les remboursements d'impôts 2020.,1
Le Dr Tazi disait aux gens le 29 février qu'il n'y avait rien à craindre et que cela ne représentait aucune menace pour le public marocain en général.,1
